###############################################################################
#                                                                             #
# IAR ELF Linker V5.40.0.51500/W32 for ARM              31/May/2010  16:37:46 #
# Copyright (C) 2007-2009 IAR Systems AB.                                     #
#                                                                             #
#    Output file  =  F:\实验室项目\LED底板\FIRMWARE\2010-5-24\LED_DRIVER_STM3 #
#                    2F107\Project\Template\EWARMv5\STM3210B-EVAL\Exe\STM3210 #
#                    B-EVAL.out                                               #
#    Map file     =  F:\实验室项目\LED底板\FIRMWARE\2010-5-24\LED_DRIVER_STM3 #
#                    2F107\Project\Template\EWARMv5\STM3210B-EVAL\List\STM321 #
#                    0B-EVAL.map                                              #
#    Command line =  F:\实验室项目\LED底板\FIRMWARE\2010-5-24\LED_DRIVER_STM3 #
#                    2F107\Project\Template\EWARMv5\STM3210B-EVAL\Obj\core_cm #
#                    3.o F:\实验室项目\LED底板\FIRMWARE\2010-5-24\LED_DRIVER_ #
#                    STM32F107\Project\Template\EWARMv5\STM3210B-EVAL\Obj\mai #
#                    n.o F:\实验室项目\LED底板\FIRMWARE\2010-5-24\LED_DRIVER_ #
#                    STM32F107\Project\Template\EWARMv5\STM3210B-EVAL\Obj\mis #
#                    c.o F:\实验室项目\LED底板\FIRMWARE\2010-5-24\LED_DRIVER_ #
#                    STM32F107\Project\Template\EWARMv5\STM3210B-EVAL\Obj\sta #
#                    rtup_stm32f10x_md.o F:\实验室项目\LED底板\FIRMWARE\2010- #
#                    5-24\LED_DRIVER_STM32F107\Project\Template\EWARMv5\STM32 #
#                    10B-EVAL\Obj\stm3210b_eval_lcd.o                         #
#                    F:\实验室项目\LED底板\FIRMWARE\2010-5-24\LED_DRIVER_STM3 #
#                    2F107\Project\Template\EWARMv5\STM3210B-EVAL\Obj\stm32_e #
#                    val.o F:\实验室项目\LED底板\FIRMWARE\2010-5-24\LED_DRIVE #
#                    R_STM32F107\Project\Template\EWARMv5\STM3210B-EVAL\Obj\s #
#                    tm32f10x_bkp.o F:\实验室项目\LED底板\FIRMWARE\2010-5-24\ #
#                    LED_DRIVER_STM32F107\Project\Template\EWARMv5\STM3210B-E #
#                    VAL\Obj\stm32f10x_can.o F:\实验室项目\LED底板\FIRMWARE\2 #
#                    010-5-24\LED_DRIVER_STM32F107\Project\Template\EWARMv5\S #
#                    TM3210B-EVAL\Obj\stm32f10x_exti.o                        #
#                    F:\实验室项目\LED底板\FIRMWARE\2010-5-24\LED_DRIVER_STM3 #
#                    2F107\Project\Template\EWARMv5\STM3210B-EVAL\Obj\stm32f1 #
#                    0x_fsmc.o F:\实验室项目\LED底板\FIRMWARE\2010-5-24\LED_D #
#                    RIVER_STM32F107\Project\Template\EWARMv5\STM3210B-EVAL\O #
#                    bj\stm32f10x_gpio.o F:\实验室项目\LED底板\FIRMWARE\2010- #
#                    5-24\LED_DRIVER_STM32F107\Project\Template\EWARMv5\STM32 #
#                    10B-EVAL\Obj\stm32f10x_it.o                              #
#                    F:\实验室项目\LED底板\FIRMWARE\2010-5-24\LED_DRIVER_STM3 #
#                    2F107\Project\Template\EWARMv5\STM3210B-EVAL\Obj\stm32f1 #
#                    0x_pwr.o F:\实验室项目\LED底板\FIRMWARE\2010-5-24\LED_DR #
#                    IVER_STM32F107\Project\Template\EWARMv5\STM3210B-EVAL\Ob #
#                    j\stm32f10x_rcc.o F:\实验室项目\LED底板\FIRMWARE\2010-5- #
#                    24\LED_DRIVER_STM32F107\Project\Template\EWARMv5\STM3210 #
#                    B-EVAL\Obj\stm32f10x_rtc.o F:\实验室项目\LED底板\FIRMWAR #
#                    E\2010-5-24\LED_DRIVER_STM32F107\Project\Template\EWARMv #
#                    5\STM3210B-EVAL\Obj\stm32f10x_spi.o                      #
#                    F:\实验室项目\LED底板\FIRMWARE\2010-5-24\LED_DRIVER_STM3 #
#                    2F107\Project\Template\EWARMv5\STM3210B-EVAL\Obj\stm32f1 #
#                    0x_usart.o F:\实验室项目\LED底板\FIRMWARE\2010-5-24\LED_ #
#                    DRIVER_STM32F107\Project\Template\EWARMv5\STM3210B-EVAL\ #
#                    Obj\system_stm32f10x.o -o F:\实验室项目\LED底板\FIRMWARE #
#                    \2010-5-24\LED_DRIVER_STM32F107\Project\Template\EWARMv5 #
#                    \STM3210B-EVAL\Exe\STM3210B-EVAL.out --map               #
#                    F:\实验室项目\LED底板\FIRMWARE\2010-5-24\LED_DRIVER_STM3 #
#                    2F107\Project\Template\EWARMv5\STM3210B-EVAL\List\STM321 #
#                    0B-EVAL.map --config F:\实验室项目\LED底板\FIRMWARE\2010 #
#                    -5-24\LED_DRIVER_STM32F107\Project\Template\EWARMv5\STM3 #
#                    2F10x_FLASH.icf --semihosting --entry                    #
#                    __iar_program_start                                      #
#                                                                             #
#                                                                             #
###############################################################################

*******************************************************************************
*** RUNTIME MODEL ATTRIBUTES
***

__endian      = little
__thumb_aware = enabled


*******************************************************************************
*** PLACEMENT SUMMARY
***

"A1":  place at 0x08000000 { ro section .intvec };
"P1":  place in [from 0x08000000 to 0x0807ffff] { ro };
"P2":  place in [from 0x20000000 to 0x2000ffff] {
          rw, block CSTACK, block HEAP };

  Section            Kind        Address    Size  Object
  -------            ----        -------    ----  ------
"A1":                                       0xec
  .intvec            ro code  0x08000000    0xec  startup_stm32f10x_md.o [1]
                            - 0x080000ec    0xec

"P1":                                     0x3307
  .text              ro code  0x080000ec  0x100e  xprintffull.o [3]
  .text              ro code  0x080010fc   0x554  main.o [1]
  .text              ro code  0x08001650   0x324  stm32f10x_can.o [1]
  .text              ro code  0x08001974   0x246  DblDiv.o [4]
  .text              ro code  0x08001bbc   0x1a2  DblMul.o [4]
  .text              ro code  0x08001d60   0x17e  DblSub.o [4]
  .text              ro code  0x08001ee0   0x150  stm32f10x_rcc.o [1]
  .text              ro code  0x08002030   0x12e  I64DivMod.o [4]
  .text              ro code  0x08002160   0x120  stm32f10x_gpio.o [1]
  .text              ro code  0x08002280   0x10c  xdscale.o [3]
  .text              ro code  0x0800238c    0xe8  system_stm32f10x.o [1]
  .text              ro code  0x08002474    0xe6  DblAdd.o [4]
  .text              ro code  0x0800255c    0xbc  xxmemxmalloc.o [3]
  .text              ro code  0x08002618    0xb4  xdnorm.o [3]
  .text              ro code  0x080026cc    0xa6  stm32f10x_usart.o [1]
  .text              ro code  0x08002774    0xa4  stm32f10x_rtc.o [1]
  .text              ro code  0x08002818    0xa0  stm32_eval.o [1]
  .rodata            const    0x080028b8    0x98  main.o [1]
  .rodata            const    0x08002950    0x94  main.o [1]
  .text              ro code  0x080029e4    0x94  packbits_init2.o [4]
  .text              ro code  0x08002a78    0x8c  xsyslock.o [3]
  .text              ro code  0x08002b04    0x88  xxmemxfree.o [3]
  .text              ro code  0x08002b8c    0x78  misc.o [1]
  .text              ro code  0x08002c04    0x70  stm32f10x_it.o [1]
  .text              ro code  0x08002c74    0x70  ABImemcpy.o [4]
  .text              ro code  0x08002ce4    0x6c  cppinit.o [3]
  .text              ro code  0x08002d50    0x58  memchr.o [4]
  .text              ro code  0x08002da8    0x56  DblToI32.o [4]
  .text              ro code  0x08002e00    0x54  xencoding_sb.o [3]
  .text              ro code  0x08002e54    0x50  stm32f10x_spi.o [1]
  .rodata            const    0x08002ea4    0x48  xlocale_c.o [3]
  .text              ro code  0x08002eec    0x48  stm32f10x_bkp.o [1]
  .text              ro code  0x08002f34    0x36  strlen.o [4]
  .text              ro code  0x08002f6c    0x30  MtxWrapper.o [3]
  .text              ro code  0x08002f9c    0x2e  DblCmpLe.o [4]
  .text              ro code  0x08002fcc    0x2e  DblCmpGe.o [4]
  .text              ro code  0x08002ffc    0x2e  I32ToDbl.o [4]
  .text              ro code  0x0800302c    0x28  xgetmemchunk.o [3]
  .iar.init_table    const    0x08003054    0x2c  - Linker created -
  .text              ro code  0x08003080    0x20  printf.o [3]
  .text              ro code  0x080030a0    0x20  data_init2.o [4]
  .text              ro code  0x080030c0    0x20  xmbtowc.o [3]
  .rodata            const    0x080030e0    0x1c  main.o [1]
  .text              ro code  0x080030fc    0x1c  iarwstd.o [5]
  .text              ro code  0x08003118    0x1a  xwctomb.o [3]
  .text              ro code  0x08003132    0x1a  zero_init2.o [4]
  .rodata            const    0x0800314c    0x18  stm32_eval.o [1]
  .text              ro code  0x08003164    0x18  cmain.o [4]
  .text              ro code  0x0800317c    0x16  strchr.o [4]
  .text              ro code  0x08003192    0x16  xprout.o [3]
  .text              ro code  0x080031a8    0x14  localeconv.o [3]
  .text              ro code  0x080031bc    0x14  exit.o [5]
  .text              ro code  0x080031d0    0x14  setlocale.o [3]
  .rodata            const    0x080031e4    0x10  xprintffull.o [3]
  .text              ro code  0x080031f4     0xe  cexit.o [4]
  .text              ro code  0x08003202     0xe  div.o [3]
  .text              ro code  0x08003210     0xc  stm32f10x_pwr.o [1]
  .text              ro code  0x0800321c     0xc  putchar.o [3]
  .text              ro code  0x08003228     0xa  xmbcurmax.o [3]
  .rodata            const    0x08003234     0x8  xprintffull.o [3]
  .rodata            const    0x0800323c     0x8  localeconv.o [3]
  .rodata            const    0x08003244     0x8  localeconv.o [3]
  .rodata            const    0x0800324c     0x8  xencoding_sb.o [3]
  .rodata            const    0x08003254     0x8  xencoding_sb.o [3]
  .rodata            const    0x0800325c     0x8  xlocale_c.o [3]
  .rodata            const    0x08003264     0x8  xlocale_c.o [3]
  .text              ro code  0x0800326c     0x6  exit.o [3]
  .text              ro code  0x08003274     0x2  I64DivZer.o [4]
  .text              ro code  0x08003276     0x4  startup_stm32f10x_md.o [1]
  .text              ro code  0x0800327a     0x4  startup_stm32f10x_md.o [1]
  .text              ro code  0x0800327e     0x4  startup_stm32f10x_md.o [1]
  .text              ro code  0x08003282     0x4  startup_stm32f10x_md.o [1]
  .text              ro code  0x08003286     0x4  startup_stm32f10x_md.o [1]
  .text              ro code  0x0800328a     0x4  startup_stm32f10x_md.o [1]
  .text              ro code  0x0800328e     0x4  startup_stm32f10x_md.o [1]
  .text              ro code  0x08003292     0x4  startup_stm32f10x_md.o [1]
  .text              ro code  0x08003296     0x4  startup_stm32f10x_md.o [1]
  .text              ro code  0x0800329a     0x4  startup_stm32f10x_md.o [1]
  .text              ro code  0x0800329e     0x4  startup_stm32f10x_md.o [1]
  .text              ro code  0x080032a2     0x4  startup_stm32f10x_md.o [1]
  .text              ro code  0x080032a6     0x4  startup_stm32f10x_md.o [1]
  .text              ro code  0x080032aa     0x4  startup_stm32f10x_md.o [1]
  .text              ro code  0x080032ae     0x4  startup_stm32f10x_md.o [1]
  .text              ro code  0x080032b2     0x4  startup_stm32f10x_md.o [1]
  .text              ro code  0x080032b6     0x4  startup_stm32f10x_md.o [1]
  .text              ro code  0x080032ba     0x4  startup_stm32f10x_md.o [1]
  .text              ro code  0x080032be     0x4  startup_stm32f10x_md.o [1]
  .text              ro code  0x080032c2     0x4  startup_stm32f10x_md.o [1]
  .text              ro code  0x080032c6     0x4  startup_stm32f10x_md.o [1]
  .text              ro code  0x080032ca     0x4  startup_stm32f10x_md.o [1]
  .text              ro code  0x080032ce     0x4  startup_stm32f10x_md.o [1]
  .text              ro code  0x080032d2     0x4  startup_stm32f10x_md.o [1]
  .text              ro code  0x080032d6     0x4  startup_stm32f10x_md.o [1]
  .text              ro code  0x080032da     0x4  startup_stm32f10x_md.o [1]
  .text              ro code  0x080032de     0x4  startup_stm32f10x_md.o [1]
  .text              ro code  0x080032e2     0x4  startup_stm32f10x_md.o [1]
  .text              ro code  0x080032e6     0x4  startup_stm32f10x_md.o [1]
  .text              ro code  0x080032ea     0x4  startup_stm32f10x_md.o [1]
  .text              ro code  0x080032ee     0x4  startup_stm32f10x_md.o [1]
  .text              ro code  0x080032f2     0x4  startup_stm32f10x_md.o [1]
  .text              ro code  0x080032f6     0x4  startup_stm32f10x_md.o [1]
  .text              ro code  0x080032fa     0x4  startup_stm32f10x_md.o [1]
  .text              ro code  0x080032fe     0x4  startup_stm32f10x_md.o [1]
  .text              ro code  0x08003302     0x4  startup_stm32f10x_md.o [1]
  .text              ro code  0x08003306     0x4  startup_stm32f10x_md.o [1]
  .text              ro code  0x0800330a     0x4  startup_stm32f10x_md.o [1]
  .text              ro code  0x0800330e     0x4  startup_stm32f10x_md.o [1]
  .text              ro code  0x08003312     0x4  startup_stm32f10x_md.o [1]
  .text              ro code  0x08003316     0x4  startup_stm32f10x_md.o [1]
  .text              ro code  0x0800331a     0x4  startup_stm32f10x_md.o [1]
  .text              ro code  0x0800331e     0x4  startup_stm32f10x_md.o [1]
  .text              ro code  0x08003322     0x4  startup_stm32f10x_md.o [1]
  .text              ro code  0x08003326     0x4  startup_stm32f10x_md.o [1]
  .text              ro code  0x0800332a     0x4  startup_stm32f10x_md.o [1]
  .text              ro code  0x0800332e     0x4  startup_stm32f10x_md.o [1]
  .text              ro code  0x08003332     0x4  startup_stm32f10x_md.o [1]
  .text              ro code  0x08003336     0x4  startup_stm32f10x_md.o [1]
  .text              ro code  0x0800333a     0x4  startup_stm32f10x_md.o [1]
  .text              ro code  0x0800333e     0x4  startup_stm32f10x_md.o [1]
  .text              ro code  0x08003342     0x4  startup_stm32f10x_md.o [1]
  .text              ro code  0x08003346     0x4  low_level_init.o [3]
  .rodata            const    0x0800334a     0x2  localeconv.o [3]
  .rodata            const    0x0800334c     0x2  xlocale_c.o [3]
  .rodata            const    0x0800334e     0x1  localeconv.o [3]
  .rodata            const    0x0800334f     0x1  setlocale.o [3]
  .rodata            const    0x08003350     0x1  xlocale_c.o [3]
  Initializer bytes  ro data  0x08003351    0xa2  <for P2 s0>
                            - 0x080033f3  0x3307

"P2", part 1 of 3:                         0x7d4
  CSTACK                      0x20000000   0x400  <Block>
    CSTACK           uninit   0x20000000   0x400  <Block tail>
  HEAP                        0x20000400   0x200  <Block>
    HEAP             uninit   0x20000400   0x200  <Block tail>
  .iar.dynexit                0x20000600   0x1d4  <Block>
    .iar.dynexit     uninit   0x20000600     0xc  cppinit.o [3]
    .iar.dynexit     uninit   0x2000060c   0x1c8  <Block tail>
                            - 0x200007d4   0x7d4

"P2", part 2 of 3:                          0xcc
  .bss               zero     0x200007d4    0x50  xfiles.o [3]
  .bss               zero     0x20000824    0x34  main.o [1]
  .bss               zero     0x20000858    0x14  stm32f10x_it.o [1]
  .bss               zero     0x2000086c    0x14  xsyslock.o [3]
  .bss               zero     0x20000880     0x8  xxmemxmalloc.o [3]
  .bss               zero     0x20000888     0x4  xgetmemchunk.o [3]
  .bss               zero     0x2000088c     0x4  MtxWrapper.o [3]
  .bss               zero     0x20000890     0x4  MtxWrapper.o [3]
  .bss               zero     0x20000894     0x4  MtxWrapper.o [3]
  .bss               zero     0x20000898     0x4  MtxWrapper.o [3]
  .bss               zero     0x2000089c     0x4  iarwstd.o [5]
                            - 0x200008a0    0xcc

"P2", part 3 of 3:                         0x138
  P2 s0                       0x200008a0   0x138  <Init block>
    .data            inited   0x200008a0    0x84  setlocale.o [3]
    .data            inited   0x20000924    0x4c  localeconv.o [3]
    .data            inited   0x20000970    0x40  xfiles.o [3]
    .data            inited   0x200009b0    0x14  stm32f10x_rcc.o [1]
    .data            inited   0x200009c4    0x10  stm32_eval.o [1]
    .data            inited   0x200009d4     0x4  cppinit.o [3]
                            - 0x200009d8   0x138


*******************************************************************************
*** INIT TABLE
***

          Address     Size
          -------     ----
Zero (__iar_zero_init2)
    1 destination range, total size 0xcc:
          0x200007d4   0xcc

Copy/packbits (__iar_packbits_init2)
    1 source range, total size 0xa2 (51% of destination):
          0x08003351   0xa2
    1 destination range, total size 0x138:
          0x200008a0  0x138


*******************************************************************************
*** MODULE SUMMARY
***

    Module                  ro code  ro data  rw data
    ------                  -------  -------  -------
F:\实验室项目\LED底板\FIRMWARE\2010-5-24\LED_DRIVER_STM32F107\Project\Template\EWARMv5\STM3210B-EVAL\Obj: [1]
    main.o                    1 364      328       52
    misc.o                      120
    startup_stm32f10x_md.o      444
    stm32_eval.o                160       32       16
    stm32f10x_bkp.o              72
    stm32f10x_can.o             804
    stm32f10x_gpio.o            288
    stm32f10x_it.o              112                20
    stm32f10x_pwr.o              12
    stm32f10x_rcc.o             336       10       20
    stm32f10x_rtc.o             164
    stm32f10x_spi.o              80
    stm32f10x_usart.o           166
    system_stm32f10x.o          232
    -------------------------------------------------
    Total:                    4 354      370      108

command line: [2]
    -------------------------------------------------
    Total:

dl7M_tl_if.a: [3]
    MtxWrapper.o                 48                16
    cppinit.o                   108        3       16
    div.o                        14
    exit.o                        6
    localeconv.o                 20       59       76
    low_level_init.o              4
    printf.o                     32
    putchar.o                    12
    setlocale.o                  20       69      132
    xdnorm.o                    180
    xdscale.o                   268
    xencoding_sb.o               84       16
    xfiles.o                              33      144
    xgetmemchunk.o               40                 4
    xlocale_c.o                           91
    xmbcurmax.o                  10
    xmbtowc.o                    32
    xprintffull.o             4 110       24
    xprout.o                     22
    xsyslock.o                  140                20
    xwctomb.o                    26
    xxmemxfree.o                136
    xxmemxmalloc.o              188                 8
    -------------------------------------------------
    Total:                    5 500      295      416

rt7M_tl.a: [4]
    ABImemcpy.o                 112
    DblAdd.o                    230
    DblCmpGe.o                   46
    DblCmpLe.o                   46
    DblDiv.o                    582
    DblMul.o                    418
    DblSub.o                    382
    DblToI32.o                   86
    I32ToDbl.o                   46
    I64DivMod.o                 302
    I64DivZer.o                   2
    cexit.o                      14
    cmain.o                      24
    data_init2.o                 32
    memchr.o                     88
    packbits_init2.o            148
    strchr.o                     22
    strlen.o                     54
    zero_init2.o                 26
    -------------------------------------------------
    Total:                    2 660

shb_l.a: [5]
    exit.o                       20
    iarwstd.o                    28                 4
    -------------------------------------------------
    Total:                       48                 4

    Gaps                         26        2
    Linker created                        44    1 992
-----------------------------------------------------
    Grand Total:             12 588      711    2 520


*******************************************************************************
*** ENTRY LIST
***

Entry                      Address   Size  Type      Object
-----                      -------   ----  ----      ------
.iar.dynexit$$Base      0x20000600          --   Gb  - Linker created -
.iar.dynexit$$Limit     0x200007d4          --   Gb  - Linker created -
ADC1_2_IRQHandler       0x080032e3         Code  Wk  startup_stm32f10x_md.o [1]
ADCPrescTable           0x200009c0    0x4  Data  Lc  stm32f10x_rcc.o [1]
APBAHBPrescTable        0x200009b0   0x10  Data  Lc  stm32f10x_rcc.o [1]
BKP_DeInit              0x08002eed   0x12  Code  Gb  stm32f10x_bkp.o [1]
BKP_ReadBackupRegister  0x08002f19   0x18  Code  Gb  stm32f10x_bkp.o [1]
BKP_WriteBackupRegister
                        0x08002f01   0x18  Code  Gb  stm32f10x_bkp.o [1]
BusFault_Handler        0x08002c0b    0x2  Code  Gb  stm32f10x_it.o [1]
CAN1_RX1_IRQHandler     0x080032ef         Code  Wk  startup_stm32f10x_md.o [1]
CAN1_SCE_IRQHandler     0x080032f3         Code  Wk  startup_stm32f10x_md.o [1]
CAN_Config              0x08001589   0xb8  Code  Gb  main.o [1]
CAN_DeInit              0x08001651   0x38  Code  Gb  stm32f10x_can.o [1]
CAN_FIFORelease         0x080018fb    0xe  Code  Gb  stm32f10x_can.o [1]
CAN_FilterInit          0x08001769   0x98  Code  Gb  stm32f10x_can.o [1]
CAN_ITConfig            0x08001835   0x10  Code  Gb  stm32f10x_can.o [1]
CAN_Init                0x08001689   0xde  Code  Gb  stm32f10x_can.o [1]
CAN_Receive             0x08001909   0x6c  Code  Gb  stm32f10x_can.o [1]
CAN_StructInit          0x08001811   0x20  Code  Gb  stm32f10x_can.o [1]
CAN_Transmit            0x08001845   0xb6  Code  Gb  stm32f10x_can.o [1]
COM_PORT                0x200009cc    0x8  Data  Gb  stm32_eval.o [1]
COM_POR_CLK             0x0800315c    0x8  Data  Gb  stm32_eval.o [1]
COM_RX_PIN              0x08003150    0x4  Data  Gb  stm32_eval.o [1]
COM_TX_PIN              0x0800314c    0x4  Data  Gb  stm32_eval.o [1]
COM_USART               0x200009c4    0x8  Data  Gb  stm32_eval.o [1]
COM_USART_CLK           0x08003154    0x8  Data  Gb  stm32_eval.o [1]
CSTACK$$Base            0x20000000          --   Gb  - Linker created -
CSTACK$$Limit           0x20000400          --   Gb  - Linker created -
DMA1_Channel1_IRQHandler
                        0x080032c7         Code  Wk  startup_stm32f10x_md.o [1]
DMA1_Channel2_IRQHandler
                        0x080032cb         Code  Wk  startup_stm32f10x_md.o [1]
DMA1_Channel3_IRQHandler
                        0x080032cf         Code  Wk  startup_stm32f10x_md.o [1]
DMA1_Channel4_IRQHandler
                        0x080032d3         Code  Wk  startup_stm32f10x_md.o [1]
DMA1_Channel5_IRQHandler
                        0x080032d7         Code  Wk  startup_stm32f10x_md.o [1]
DMA1_Channel6_IRQHandler
                        0x080032db         Code  Wk  startup_stm32f10x_md.o [1]
DMA1_Channel7_IRQHandler
                        0x080032df         Code  Wk  startup_stm32f10x_md.o [1]
DebugMon_Handler        0x08002c0f    0x2  Code  Gb  stm32f10x_it.o [1]
DtorRecArray            0x20000600    0xc  Data  Lc  cppinit.o [3]
EXTI0_IRQHandler        0x080032b3         Code  Wk  startup_stm32f10x_md.o [1]
EXTI15_10_IRQHandler    0x0800333b         Code  Wk  startup_stm32f10x_md.o [1]
EXTI1_IRQHandler        0x080032b7         Code  Wk  startup_stm32f10x_md.o [1]
EXTI2_IRQHandler        0x080032bb         Code  Wk  startup_stm32f10x_md.o [1]
EXTI3_IRQHandler        0x080032bf         Code  Wk  startup_stm32f10x_md.o [1]
EXTI4_IRQHandler        0x080032c3         Code  Wk  startup_stm32f10x_md.o [1]
EXTI9_5_IRQHandler      0x080032f7         Code  Wk  startup_stm32f10x_md.o [1]
FLASH_IRQHandler        0x080032ab         Code  Wk  startup_stm32f10x_md.o [1]
GPIO_Init               0x08002161   0xba  Code  Gb  stm32f10x_gpio.o [1]
GPIO_PinRemapConfig     0x08002235   0x4c  Code  Gb  stm32f10x_gpio.o [1]
GPIO_ReadInputDataBit   0x0800221b    0x4  Code  Gb  stm32f10x_gpio.o [1]
GPIO_ResetBits          0x0800222f    0x4  Code  Gb  stm32f10x_gpio.o [1]
GPIO_SetBits            0x0800222b    0x4  Code  Gb  stm32f10x_gpio.o [1]
HEAP$$Base              0x20000400          --   Gb  - Linker created -
HEAP$$Limit             0x20000600          --   Gb  - Linker created -
HardFault_Handler       0x08002c07    0x2  Code  Gb  stm32f10x_it.o [1]
I2C1_ER_IRQHandler      0x0800331b         Code  Wk  startup_stm32f10x_md.o [1]
I2C1_EV_IRQHandler      0x08003317         Code  Wk  startup_stm32f10x_md.o [1]
I2C2_ER_IRQHandler      0x08003323         Code  Wk  startup_stm32f10x_md.o [1]
I2C2_EV_IRQHandler      0x0800331f         Code  Wk  startup_stm32f10x_md.o [1]
MemManage_Handler       0x08002c09    0x2  Code  Gb  stm32f10x_it.o [1]
NMI_Handler             0x08002c05    0x2  Code  Gb  stm32f10x_it.o [1]
NVIC_Configuration      0x08001369   0x36  Code  Gb  main.o [1]
NVIC_Init               0x08002b9d   0x64  Code  Gb  misc.o [1]
NVIC_PriorityGroupConfig
                        0x08002b8d   0x10  Code  Gb  misc.o [1]
PVD_IRQHandler          0x0800329f         Code  Wk  startup_stm32f10x_md.o [1]
PWR_BackupAccessCmd     0x08003211    0xc  Code  Gb  stm32f10x_pwr.o [1]
PendSV_Handler          0x08002c13    0x2  Code  Gb  stm32f10x_it.o [1]
RCC_APB1PeriphClockCmd  0x08001fb9   0x18  Code  Gb  stm32f10x_rcc.o [1]
RCC_APB1PeriphResetCmd  0x08001fd1   0x18  Code  Gb  stm32f10x_rcc.o [1]
RCC_APB2PeriphClockCmd  0x08001fa1   0x18  Code  Gb  stm32f10x_rcc.o [1]
RCC_BackupResetCmd      0x08001fe9    0xc  Code  Gb  stm32f10x_rcc.o [1]
RCC_ClearFlag           0x08002021   0x10  Code  Gb  stm32f10x_rcc.o [1]
RCC_GetClocksFreq       0x08001f15   0x88  Code  Gb  stm32f10x_rcc.o [1]
RCC_GetFlagStatus       0x08001ff5   0x28  Code  Gb  stm32f10x_rcc.o [1]
RCC_IRQHandler          0x080032af         Code  Wk  startup_stm32f10x_md.o [1]
RCC_LSEConfig           0x08001ee7   0x16  Code  Gb  stm32f10x_rcc.o [1]
RCC_RTCCLKCmd           0x08001f09    0xc  Code  Gb  stm32f10x_rcc.o [1]
RCC_RTCCLKConfig        0x08001efd    0x6  Code  Gb  stm32f10x_rcc.o [1]
RTCAlarm_IRQHandler     0x0800333f         Code  Wk  startup_stm32f10x_md.o [1]
RTC_ClearITPendingBit   0x08002809         Code  Gb  stm32f10x_rtc.o [1]
RTC_Configuration       0x080013af   0x52  Code  Gb  main.o [1]
RTC_GetCounter          0x08002789   0x10  Code  Gb  stm32f10x_rtc.o [1]
RTC_GetITStatus         0x080027e9   0x1a  Code  Gb  stm32f10x_rtc.o [1]
RTC_IRQHandler          0x08002c19   0x48  Code  Gb  stm32f10x_it.o [1]
RTC_ITConfig            0x08002775   0x12  Code  Gb  stm32f10x_rtc.o [1]
RTC_SetCounter          0x08002799   0x12  Code  Gb  stm32f10x_rtc.o [1]
RTC_SetPrescaler        0x080027ab   0x14  Code  Gb  stm32f10x_rtc.o [1]
RTC_WaitForLastTask     0x080027cb    0xa  Code  Gb  stm32f10x_rtc.o [1]
RTC_WaitForSynchro      0x080027d5   0x14  Code  Gb  stm32f10x_rtc.o [1]
Region$$Table$$Base     0x08003054          --   Gb  - Linker created -
Region$$Table$$Limit    0x08003080          --   Gb  - Linker created -
RxMessage               0x20000858   0x14  Data  Gb  stm32f10x_it.o [1]
SPI1_IRQHandler         0x08003327         Code  Wk  startup_stm32f10x_md.o [1]
SPI2_IRQHandler         0x0800332b         Code  Wk  startup_stm32f10x_md.o [1]
SPI_Cmd                 0x08002e8d   0x14  Code  Gb  stm32f10x_spi.o [1]
SPI_Config              0x080014b5   0xcc  Code  Gb  main.o [1]
SPI_I2S_SendData        0x08002ea1    0x4  Code  Gb  stm32f10x_spi.o [1]
SPI_Init                0x08002e55   0x38  Code  Gb  stm32f10x_spi.o [1]
STM_EVAL_COMInit        0x08002819   0x94  Code  Gb  stm32_eval.o [1]
SVC_Handler             0x08002c11    0x2  Code  Gb  stm32f10x_it.o [1]
SysTick_Handler         0x08002c15    0x2  Code  Gb  stm32f10x_it.o [1]
SystemInit              0x0800238d   0xe8  Code  Gb  system_stm32f10x.o [1]
TAMPER_IRQHandler       0x080032a3         Code  Wk  startup_stm32f10x_md.o [1]
THH                     0x2000084c    0x4  Data  Gb  main.o [1]
TIM1_BRK_IRQHandler     0x080032fb         Code  Wk  startup_stm32f10x_md.o [1]
TIM1_CC_IRQHandler      0x08003307         Code  Wk  startup_stm32f10x_md.o [1]
TIM1_TRG_COM_IRQHandler
                        0x08003303         Code  Wk  startup_stm32f10x_md.o [1]
TIM1_UP_IRQHandler      0x080032ff         Code  Wk  startup_stm32f10x_md.o [1]
TIM2_IRQHandler         0x0800330b         Code  Wk  startup_stm32f10x_md.o [1]
TIM3_IRQHandler         0x0800330f         Code  Wk  startup_stm32f10x_md.o [1]
TIM4_IRQHandler         0x08003313         Code  Wk  startup_stm32f10x_md.o [1]
TMM                     0x20000850    0x4  Data  Gb  main.o [1]
TSS                     0x20000854    0x4  Data  Gb  main.o [1]
TimeDisplay             0x20000848    0x4  Data  Gb  main.o [1]
Time_Adjust             0x08001449    0xe  Code  Gb  main.o [1]
Time_Display            0x08001461   0x30  Code  Gb  main.o [1]
Time_Regulate           0x08001401   0x40  Code  Gb  main.o [1]
TxMessage               0x20000824   0x14  Data  Gb  main.o [1]
USART1_IRQHandler       0x0800332f         Code  Wk  startup_stm32f10x_md.o [1]
USART2_IRQHandler       0x08003333         Code  Wk  startup_stm32f10x_md.o [1]
USART3_IRQHandler       0x08003337         Code  Wk  startup_stm32f10x_md.o [1]
USART_Cmd               0x08002749   0x14  Code  Gb  stm32f10x_usart.o [1]
USART_GetFlagStatus     0x08002765    0xe  Code  Gb  stm32f10x_usart.o [1]
USART_Init              0x080026cd   0x78  Code  Gb  stm32f10x_usart.o [1]
USART_InitStructure     0x20000838   0x10  Data  Gb  main.o [1]
USART_SendData          0x0800275d    0x8  Code  Gb  stm32f10x_usart.o [1]
USBWakeUp_IRQHandler    0x08003343         Code  Wk  startup_stm32f10x_md.o [1]
USB_HP_CAN1_TX_IRQHandler
                        0x080032e7         Code  Wk  startup_stm32f10x_md.o [1]
USB_LP_CAN1_RX0_IRQHandler
                        0x08002c61   0x14  Code  Gb  stm32f10x_it.o [1]
UsageFault_Handler      0x08002c0d    0x2  Code  Gb  stm32f10x_it.o [1]
WWDG_IRQHandler         0x0800329b         Code  Wk  startup_stm32f10x_md.o [1]
_EncodingSb_Mbtowc      0x08002e21   0x34  Code  Gb  xencoding_sb.o [3]
_EncodingSb_Wctomb      0x08002e01   0x20  Code  Gb  xencoding_sb.o [3]
_GenldDefault           0x08000e79  0x250  Code  Lc  xprintffull.o [3]
_IsdstStr               0x200008c4    0x4  Data  Gb  setlocale.o [3]
_LdtobDefault           0x08000a61  0x418  Code  Lc  xprintffull.o [3]
_LitobDefault           0x08000955  0x10c  Code  Lc  xprintffull.o [3]
_LocaleC_lconv          0x08002ea4   0x48  Data  Gb  xlocale_c.o [3]
_LocaleEncoding         0x080031d1   0x10  Code  Gb  setlocale.o [3]
_LocaleReturnString     0x200008d4   0x50  Data  Lc  setlocale.o [3]
_Locale_LconvArray      0x200008d0    0x4  Data  Gb  setlocale.o [3]
_Locale_Profile         0x200008a0   0x1c  Data  Gb  setlocale.o [3]
_Locale_lconv           0x20000928   0x48  Data  Gb  localeconv.o [3]
_Mbtowc                 0x080030c1   0x20  Code  Gb  xmbtowc.o [3]
_Printf                 0x080000ed  0x59c  Code  Gb  xprintffull.o [3]
_Prout                  0x08003193   0x16  Code  Gb  xprout.o [3]
_PutcharsDefault        0x080010c9   0x32  Code  Lc  xprintffull.o [3]
_PutstrDefault          0x08000689  0x2cc  Code  Lc  xprintffull.o [3]
_TzoneStr               0x200008bc    0x4  Data  Gb  setlocale.o [3]
_Wctomb                 0x08003119   0x1a  Code  Gb  xwctomb.o [3]
__aeabi_cdcmple         0x08002f9d         Code  Gb  DblCmpLe.o [4]
__aeabi_cdrcmple        0x08002fcd         Code  Gb  DblCmpGe.o [4]
__aeabi_d2iz            0x08002da9         Code  Gb  DblToI32.o [4]
__aeabi_d2uiz           0x08002dd5         Code  Gb  DblToI32.o [4]
__aeabi_dadd            0x08002475         Code  Gb  DblAdd.o [4]
__aeabi_ddiv            0x08001975         Code  Gb  DblDiv.o [4]
__aeabi_dmul            0x08001bbd         Code  Gb  DblMul.o [4]
__aeabi_dsub            0x08001d61         Code  Gb  DblSub.o [4]
__aeabi_i2d             0x08002ffd         Code  Gb  I32ToDbl.o [4]
__aeabi_ldiv0           0x08003275         Code  Gb  I64DivZer.o [4]
__aeabi_ldivmod         0x08002031         Code  Gb  I64DivMod.o [4]
__aeabi_memcpy          0x08002c75         Code  Gb  ABImemcpy.o [4]
__aeabi_memcpy4         0x08002c8f         Code  Gb  ABImemcpy.o [4]
__aeabi_memcpy8         0x08002c8f         Code  Gb  ABImemcpy.o [4]
__aeabi_ui2d            0x08003011         Code  Gb  I32ToDbl.o [4]
__aeabi_uldivmod        0x08002045         Code  Gb  I64DivMod.o [4]
__call_dtors            0x08002d0d    0x4  Code  Gb  cppinit.o [3]
__cstart_call_dtors     0x080031f7         Code  Gb  cexit.o [4]
__cxa_atexit            0x08002ce5   0x28  Code  Gb  cppinit.o [3]
__cxa_finalize          0x08002d11   0x3c  Code  Gb  cppinit.o [3]
__data_Aldata           0x20000880    0x8  Data  Gb  xxmemxmalloc.o [3]
__data_GetMemChunk      0x0800302d   0x28  Code  Gb  xgetmemchunk.o [3]
__exit                  0x080031bd   0x14  Code  Gb  exit.o [5]
__iar_Dnorm             0x08002619   0xb4  Code  Gb  xdnorm.o [3]
__iar_Dscale            0x08002281  0x10c  Code  Gb  xdscale.o [3]
__iar_Locksyslock       0x08002aa1   0x4c  Code  Gb  xsyslock.o [3]
__iar_Mbcurmax          0x08003229    0xa  Code  Gb  xmbcurmax.o [3]
__iar_Memchr            0x08002d51         Code  Gb  memchr.o [4]
__iar_Mtxdst            0x08002f73    0x4  Code  Gb  MtxWrapper.o [3]
__iar_Mtxinit           0x08002f6d    0x6  Code  Gb  MtxWrapper.o [3]
__iar_Mtxlock           0x08002f81    0x6  Code  Gb  MtxWrapper.o [3]
__iar_Mtxunlock         0x08002f87    0x6  Code  Gb  MtxWrapper.o [3]
__iar_Stdout            0x20000970   0x40  Data  Gb  xfiles.o [3]
__iar_Strchr            0x0800317d         Code  Gb  strchr.o [4]
__iar_Tls_setup__IsdstStr
                        0x200008c8    0x4  Data  Gb  setlocale.o [3]
__iar_Tls_setup__Locale_Profile
                        0x200008cc    0x4  Data  Gb  setlocale.o [3]
__iar_Tls_setup__Locale_lconv
                        0x20000924    0x4  Data  Gb  localeconv.o [3]
__iar_Tls_setup__TzoneStr
                        0x200008c0    0x4  Data  Gb  setlocale.o [3]
__iar_Unlocksyslock     0x08002aed   0x14  Code  Gb  xsyslock.o [3]
__iar_d2uiz             0x08002ddf         Code  Gb  DblToI32.o [4]
__iar_dadd              0x08002487         Code  Gb  DblAdd.o [4]
__iar_data_init2        0x080030a1   0x20  Code  Gb  data_init2.o [4]
__iar_dsub              0x08001d73         Code  Gb  DblSub.o [4]
__iar_dsubStart         0x08001d85         Code  Gb  DblSub.o [4]
__iar_packbits_init2    0x080029e5   0x94  Code  Gb  packbits_init2.o [4]
__iar_program_start     0x08003165         Code  Gb  cmain.o [4]
__iar_sh_stdout_close   0x080030fd   0x16  Code  Gb  iarwstd.o [5]
__iar_sh_stdout_handle  0x2000089c    0x4  Data  Lc  iarwstd.o [5]
__iar_ui2d              0x08003013         Code  Gb  I32ToDbl.o [4]
__iar_zero_init2        0x08003133   0x1a  Code  Gb  zero_init2.o [4]
__low_level_init        0x08003347    0x4  Code  Gb  low_level_init.o [3]
__vector_table          0x08000000         Data  Gb  startup_stm32f10x_md.o [1]
_exit                   0x080031f5         Code  Gb  cexit.o [4]
_main                   0x08003177         Code  Gb  cmain.o [4]
clearlocks              0x08002a79   0x26  Code  Lc  xsyslock.o [3]
delay_ms                0x080010fd    0xc  Code  Gb  main.o [1]
div                     0x08003203    0xe  Code  Gb  div.o [3]
exit                    0x0800326d    0x6  Code  Gb  exit.o [3]
fputc                   0x08001491   0x1e  Code  Gb  main.o [1]
free                    0x08002b05   0x88  Code  Gb  xxmemxfree.o [3]
localeconv              0x080031a9   0x14  Code  Gb  localeconv.o [3]
main                    0x08001109  0x244  Code  Gb  main.o [1]
malloc                  0x0800255d   0xbc  Code  Gb  xxmemxmalloc.o [3]
memchr                  0x08002d51         Code  Gb  memchr.o [4]
mtx                     0x20000870   0x10  Data  Lc  xsyslock.o [3]
mtxdst                  0x20000890    0x4  Data  Lc  MtxWrapper.o [3]
mtxinit                 0x2000088c    0x4  Data  Lc  MtxWrapper.o [3]
mtxlock                 0x20000894    0x4  Data  Lc  MtxWrapper.o [3]
mtxunlock               0x20000898    0x4  Data  Lc  MtxWrapper.o [3]
next_abi_dtor_rec       0x200009d4    0x4  Data  Lc  cppinit.o [3]
obuf                    0x200007d4   0x50  Data  Lc  xfiles.o [3]
printf                  0x08003081   0x20  Code  Gb  printf.o [3]
putchar                 0x0800321d    0xc  Code  Gb  putchar.o [3]
strchr                  0x0800317d         Code  Gb  strchr.o [4]
strlen                  0x08002f35         Code  Gb  strlen.o [4]
syslock_o               0x2000086c    0x4  Data  Lc  xsyslock.o [3]


[1] = F:\实验室项目\LED底板\FIRMWARE\2010-5-24\LED_DRIVER_STM32F107\Project\Template\EWARMv5\STM3210B-EVAL\Obj
[2] = command line
[3] = dl7M_tl_if.a
[4] = rt7M_tl.a
[5] = shb_l.a

  12 588 bytes of readonly  code memory
     711 bytes of readonly  data memory
   2 520 bytes of readwrite data memory

Errors: none
Warnings: none
